// Jest Snapshot v1, https://goo.gl/fbAQLP

exports[`MovieDetail should match a snapshot 1`] = `
<main>
  <img
    src="https://image.tmdb.org/t/p/w300//4U7hpTK0XTQBKT5X60bKmJd05ha.jpg"
  />
  <h2>
    The Invisible Man
  </h2>
  <p>
    2020-02-26
  </p>
  <p>
    When Cecilia's abusive ex takes his own life and leaves her his fortune, she suspects his death was a hoax. As a series of coincidences turn lethal, Cecilia works to prove that she is being hunted by someone nobody can see.
  </p>
</main>
`;
