// Jest Snapshot v1, https://goo.gl/fbAQLP

exports[`MovieCard should match a snapshot 1`] = `
<div
  className="card"
>
  <Link
    to="movie/555974"
  >
    <article>
      <img
        src="https://image.tmdb.org/t/p/w300//4U7hpTK0XTQBKT5X60bKmJd05ha.jpg"
      />
      <h3>
        The Invisible Man
      </h3>
    </article>
  </Link>
  <div>
    <button
      onClick={[Function]}
    >
      Add to your watchlist
    </button>
  </div>
</div>
`;
